// Jest Snapshot v1, https://goo.gl/fbAQLP

exports[`<Location/> should render Location 1`] = `
<div
  className="row"
  style={
    Object {
      "paddingBottom": 5,
      "paddingTop": 5,
    }
  }
>
  <div
    className="col-xs-4"
  >
    <span
      className="glyphicon glyphicon-map-marker"
      style={
        Object {
          "color": "#00b386",
          "marginRight": 5,
        }
      }
    />
    Odessa
  </div>
  <div
    className="col-xs-6"
  >
    <span>
      <strong>
        27
      </strong>
      Â°C
    </span>
  </div>
  <div
    className="col-xs-2"
  >
    <span
      className="pull-right glyphicon glyphicon-remove"
      onClick={[Function]}
      style={
        Object {
          "color": "grey",
          "marginRight": 10,
        }
      }
      title="Remove Location"
    />
  </div>
</div>
`;
