// Jest Snapshot v1, https://goo.gl/fbAQLP

exports[`<People/> should match snapshot 1`] = `
<div
  className="container-fluid"
>
  <div
    className="row"
  >
    <div
      className="col-lg-8 col-md-10 offset-lg-2 offset-md-1"
    >
      <div
        className="row"
      >
        <div
          className="col-sm-6 col-12"
        >
          <div
            className="search-container input-group input-group-sm"
          >
            <div
              className="input-group-prepend"
            >
              <i
                className="fas fa-search"
              />
            </div>
            <input
              aria-describedby="search"
              aria-label="Search people"
              className="search-input form-control"
              onChange={[Function]}
              placeholder="Search people"
              value=""
            />
          </div>
        </div>
      </div>
      <table
        className="table"
      >
        <tbody>
          <tr
            id="111"
          >
            <td
              style={
                Object {
                  "padding": 10,
                }
              }
            >
              <div
                className="row"
              >
                <div
                  className="col-sm-6 col-12"
                >
                  <div
                    className="profile-picture-wrapper cursor"
                    onClick={[Function]}
                  >
                    <img
                      className="profile-picture rounded-circle"
                      id="user-picture-111"
                      src="/images/default-profile.jpg"
                      style={
                        Object {
                          "boxShadow": "0px 0px 0pt 2pt #28a745",
                        }
                      }
                    />
                  </div>
                  <div>
                    Current User
                    <div
                      className="last-seen"
                    />
                  </div>
                </div>
                <div
                  className="col-sm-6 col-12"
                >
                  <div
                    className="pull-right pt-1 pt-sm-2"
                  >
                    <button
                      className="btn btn-outline-danger btn-sm"
                      disabled={false}
                      id="delete-user-111"
                      onClick={[Function]}
                      type="button"
                    >
                      <i
                        className="far fa-trash-alt"
                        style={
                          Object {
                            "marginRight": 5,
                          }
                        }
                      />
                       
                    </button>
                     
                    <button
                      className="btn btn-outline-dark btn-sm"
                      disabled={false}
                      id="write-user-111"
                      onClick={[Function]}
                      type="button"
                    >
                      <i
                        className="far fa-paper-plane"
                        style={
                          Object {
                            "marginRight": 5,
                          }
                        }
                      />
                       
                    </button>
                  </div>
                </div>
              </div>
            </td>
          </tr>
          <tr
            id="222"
          >
            <td
              style={
                Object {
                  "padding": 10,
                }
              }
            >
              <div
                className="row"
              >
                <div
                  className="col-sm-6 col-12"
                >
                  <div
                    className="profile-picture-wrapper cursor"
                    onClick={[Function]}
                  >
                    <img
                      className="profile-picture rounded-circle"
                      id="user-picture-222"
                      src="/images/default-profile.jpg"
                      style={
                        Object {
                          "boxShadow": "0px 0px 0pt 2pt #28a745",
                        }
                      }
                    />
                  </div>
                  <div>
                    Alice
                    <div
                      className="last-seen"
                    />
                  </div>
                </div>
                <div
                  className="col-sm-6 col-12"
                >
                  <div
                    className="pull-right pt-1 pt-sm-2"
                  >
                    <button
                      className="btn btn-outline-danger btn-sm"
                      disabled={false}
                      id="delete-user-222"
                      onClick={[Function]}
                      type="button"
                    >
                      <i
                        className="far fa-trash-alt"
                        style={
                          Object {
                            "marginRight": 5,
                          }
                        }
                      />
                       
                    </button>
                     
                    <button
                      className="btn btn-outline-dark btn-sm"
                      disabled={false}
                      id="write-user-222"
                      onClick={[Function]}
                      type="button"
                    >
                      <i
                        className="far fa-paper-plane"
                        style={
                          Object {
                            "marginRight": 5,
                          }
                        }
                      />
                       
                    </button>
                  </div>
                </div>
              </div>
            </td>
          </tr>
          <tr
            id="333"
          >
            <td
              style={
                Object {
                  "padding": 10,
                }
              }
            >
              <div
                className="row"
              >
                <div
                  className="col-sm-6 col-12"
                >
                  <div
                    className="profile-picture-wrapper cursor"
                    onClick={[Function]}
                  >
                    <img
                      className="profile-picture rounded-circle"
                      id="user-picture-333"
                      src="/images/default-profile.jpg"
                      style={
                        Object {
                          "boxShadow": "0px 0px 0pt 2pt #28a745",
                        }
                      }
                    />
                  </div>
                  <div>
                    Bob
                    <div
                      className="last-seen"
                    />
                  </div>
                </div>
                <div
                  className="col-sm-6 col-12"
                >
                  <div
                    className="pull-right pt-1 pt-sm-2"
                  >
                    <button
                      className="btn btn-outline-danger btn-sm"
                      disabled={false}
                      id="delete-user-333"
                      onClick={[Function]}
                      type="button"
                    >
                      <i
                        className="far fa-trash-alt"
                        style={
                          Object {
                            "marginRight": 5,
                          }
                        }
                      />
                       
                    </button>
                     
                    <button
                      className="btn btn-outline-dark btn-sm"
                      disabled={false}
                      id="write-user-333"
                      onClick={[Function]}
                      type="button"
                    >
                      <i
                        className="far fa-paper-plane"
                        style={
                          Object {
                            "marginRight": 5,
                          }
                        }
                      />
                       
                    </button>
                  </div>
                </div>
              </div>
            </td>
          </tr>
        </tbody>
      </table>
      
    </div>
  </div>
</div>
`;
